main.c:73:6:display7SEG	16	static
main.c:171:5:enableSeg	16	static
main.c:210:6:update7SEG	16	static
main.c:215:6:blinkTwoLeds	8	static
main.c:219:6:updateClockBuffer	4	static
main.c:226:6:offCols	16	static
main.c:232:6:offRows	16	static
main.c:239:6:displayRow	24	static
main.c:246:6:displayCol	16	static
main.c:252:6:updateLedMatrix	16	static
main.c:257:6:ledAnimation	24	static
main.c:267:6:HAL_TIM_PeriodElapsedCallback	16	static
main.c:271:5:main	16	static
main.c:366:6:SystemClock_Config	72	static
main.c:402:13:MX_TIM2_Init	32	static
main.c:447:13:MX_GPIO_Init	32	static
main.c:503:6:Error_Handler	4	static,ignoring_inline_asm
